---
source: src/app/acceptance.rs
expression: h.render()
---
 thurbox  Multi-Session Agent Orchestrator  v0.0.0-dev                                    ◐ Default
╭ Sessions ─────────────╮┌ No Session ─────────────────────────────────────────────────────────────┐
│                       ││                                                                         │
│    No sessions yet    ││                                                                         │
│Press Ctrl+N to create ││                                                                         │
│                       ││                                                                         │
│                       ││                                                                         │
│                       ││                                                                         │
│                   ╭ Theme ───────────────────────────────────────────────────╮                   │
│                   │▸ Default                   Accent      █████ █████       │                   │
│                   │  Catppuccin Mocha          Status      ◐ ◆ ● ○ ✗         │                   │
│                   │  Tokyo Night               Border      ╭─────╮           │                   │
│                   │  Gruvbox Dark              Modal bg                      │                   │
│                   │  Catppuccin Latte (light)                                │                   │
│                   │  Tokyo Night Day (light)                                 │                   │
│                   │  Gruvbox Light (light)                                   │                   │
│                   │  Solarized Light (light)                                 │                   │
│                   │  Doom                                                    │                   │
│                   │                                                          │                   │
│                   │                                                          │                   │
│                   │  theme id: default                                       │                   │
│                   │j/k navigate                              Select   Cancel │                   │
│                   ╰──────────────────────────────────────────────────────────╯                   │
│                       ││                                                                         │
│                       ││                                                                         │
╰───────────────────────╯│                                                                         │
┌ Automations ──────────┐│                                                                         │
│none                   ││                                                                         │
└───────────────────────┘└─────────────────────────────────────────────────────────────────────────┘
 Sessions  0 session(s)  ^H/^L Focus                                 Help   Settings   Theme   Quit
