---
source: tests/v1_recordings.rs
expression: "described.join(\"\\n\")"
---
output=""
╭-osc52 (claude) [fix/osc52] [Working] ╮
│█                                     │
│                                      │
│                                      │
│                                      │
╰──────────────────────────────────────╯
output="hello from the agent\n"
╭-osc52 (claude) [fix/osc52] [Working] ╮
│hello from the agent                  │
│                    █                 │
│                                      │
│                                      │
╰──────────────────────────────────────╯
