---
source: tests/v1_recordings.rs
expression: drawn
---
╭ Sessions ────────────────────────────⠋◆●○╮
│── thurbox ───────────────────────────────│
│ ⠋ ⑂ fix-osc52                            │
│ ◆ └ ⑂ add-wsl  Blocked                   │
│ ● ⑂ perf-cache                           │
│── website ───────────────────────────────│
│ ○ ⑂ update-deps                          │
│                                          │
│                                          │
│                                          │
│                                          │
│                                          │
│                                          │
│                                          │
│                                          │
╰──────────────────────────────────────────╯
